layer caps (authored -> tightened to tallest baked occupant): L0 60000->45000 mm L1 34000->25000 mm L2 7500->5000 mm
manifest: 826 species -> table 438 kept, 382 detail entities, 6 too rare, 0 no-biome, 120 without banks
layers: L0[cell 24000 mm, maxH 45000, r 15500, density 60, terrain] L1[cell 5000 mm, maxH 25000, r 12000, density 350, terrain] L2[cell 2200 mm, maxH 5000, r 6000, density 550, terrain] L3[cell 800 mm, maxH 30000, r 2500, density 300, detail]
coarse tiles: loaded 289, rejected 0 from D:/vox-wet-cache/terrain-diffusion-unlabeled-80b9ca451a23eae4/000000000135276f/s1
terrain: synthetic elevation, REAL coarse-tile climate, water datum NONE (dry world), placement planes NONE (sentinels)

=== widening census: 25921 footprints (0 declined) over [-100981,-100469]x[-171421,-170909] m, seed 20260719 ===
widening (assetTopAboveSurfaceMm) distribution:
    5000 mm :        1 footprints (0.0%)
   25000 mm :    23621 footprints (91.1%)
   45000 mm :     2299 footprints (8.8%)
extra admitted chunk layers (sky side, dilation included):
  +  2 chunks :        1 footprints
  +  8 chunks :      134 footprints
  +  9 chunks :    10891 footprints
  + 10 chunks :    11838 footprints
  + 11 chunks :      758 footprints
  + 15 chunks :      263 footprints
  + 16 chunks :     1323 footprints
  + 17 chunks :      685 footprints
  + 18 chunks :       28 footprints
mean extra: 10.14 chunk layers per footprint
components: mean widening 26773 mm (8.3 chunks), mean dilation slack 7338 mm (2.2 chunks)
baseline surface shell (sampled 441 footprints): mean 1.18 chunk layers

=== placement census over [-100853,-100597]x[-171293,-171037] m ===
sites considered: 41092 (per layer: L0=7 L1=1144 L2=8048 L3=31893)
instances resolved: 32532 (per layer: L0=3 L1=647 L2=6464 L3=25418)
species represented: 19
anchor contact audit: 32532 audited, 0 NOT SOLID
species histogram (name, instances; * = water-gated riparian):
    cecropia                    254
    coast-palm                   96
    coffee-shrub               3085
    dracaena-thicket           2157
    feather-moss               2599
    heliconia                   949
    jungle-emergent               2
    jungle-groundcover         9857
    jungle-understory-flower   1550
    karst-breakdown-block        67
    laterite-crust-block        117
    leaf-littered-slab           90
    mossy-forest-boulder          1
    sinkhole-rim                  6
    strangler-fig                17
    terrestrial-bromeliad      1132
    understory-fern            8205
    wild-ginger                1126
    wild-hibiscus              1222
riparian (water-gated) species placed: 0 species, 0 instances
gate attribution over 7904171 (site, species) pairs:
  tolerated                        255431 (3.2%)
  biome weight 0                  7008060 (88.6%)
  elevation band                    77554 (0.9%)
  past slope-curve zero             33000 (0.4%)
  water distance (far/unknown)     530126 (6.7%)
mean placed-species height by anchor slope (inverse-height check):
  slope   0- 15%:  32160 instances, mean height   1.3 m
  slope  15- 30%:    372 instances, mean height   1.2 m
kinds: tree=369 bush=6464 rock=281 grass=20661 flower=4757
height: mean 1.3 m, median 0.9 m over 32532 instances
distance to water at anchors: <=2m 0, <=10m 0, <=30m 0, <=120m 0, >120m 0, unknown 32532; wet anchors 0
slope bands: 0-15% 32160, 15-30% 372, 30-45% 0, 45-60% 0, 60%+ 0
treeline: below 32532, above 0, unknown 0
stampable voxels over resolved terrain instances: 26559637
banks: 32532 requests, 27775 served, 0 miss(no species), 4757 miss(no seeds), 60 files loaded, 0 refused, 0 seed-count mismatches, 10263896 bytes resident
overlay: wrote bake-out/biome-survey/rainforest.instances.csv and bake-out/biome-survey/rainforest.ground.bin (138x138 @ 1875 mm, AMPLIFIED-COARSE ground: sea-only datum, no shore distance)
json: wrote bake-out/biome-survey/rainforest.json (70 counters)
VERDICT: placement wired; 32532 instances, all anchors solid, none submerged
