layer caps (authored -> tightened to tallest baked occupant): L0 60000->45000 mm L1 34000->25000 mm L2 7500->5000 mm
manifest: 826 species -> table 438 kept, 382 detail entities, 6 too rare, 0 no-biome, 120 without banks
layers: L0[cell 24000 mm, maxH 45000, r 15500, density 60, terrain] L1[cell 5000 mm, maxH 25000, r 12000, density 350, terrain] L2[cell 2200 mm, maxH 5000, r 6000, density 550, terrain] L3[cell 800 mm, maxH 30000, r 2500, density 300, detail]
coarse tiles: loaded 289, rejected 0 from D:/vox-wet-cache/terrain-diffusion-unlabeled-80b9ca451a23eae4/000000000135276f/s1
terrain: synthetic elevation, REAL coarse-tile climate, water datum NONE (dry world), placement planes NONE (sentinels)

=== widening census: 25921 footprints (0 declined) over [-67831,-67319]x[-159001,-158489] m, seed 20260719 ===
widening (assetTopAboveSurfaceMm) distribution:
   25000 mm :    22493 footprints (86.7%)
   45000 mm :     3428 footprints (13.2%)
extra admitted chunk layers (sky side, dilation included):
  +  9 chunks :     1647 footprints
  + 10 chunks :     9768 footprints
  + 11 chunks :     6241 footprints
  + 12 chunks :     3100 footprints
  + 13 chunks :     1667 footprints
  + 14 chunks :       70 footprints
  + 15 chunks :        5 footprints
  + 16 chunks :      309 footprints
  + 17 chunks :     1097 footprints
  + 18 chunks :      698 footprints
  + 19 chunks :      496 footprints
  + 20 chunks :      535 footprints
  + 21 chunks :      288 footprints
mean extra: 11.70 chunk layers per footprint
components: mean widening 27644 mm (8.6 chunks), mean dilation slack 12400 mm (3.8 chunks)
baseline surface shell (sampled 441 footprints): mean 1.30 chunk layers

=== placement census over [-67703,-67447]x[-158873,-158617] m ===
sites considered: 41013 (per layer: L0=9 L1=1068 L2=8089 L3=31847)
instances resolved: 32994 (per layer: L0=1 L1=766 L2=6654 L3=25573)
species represented: 47
anchor contact audit: 32994 audited, 0 NOT SOLID
species histogram (name, instances; * = water-gated riparian):
    big-bluestem               1092
    big-galleta                 270
    big-sagebrush               421
    blazing-star                117
    buffalo-grass              2449
    buffalo-thorn               934
    bur-oak                       6
    california-poppy            982
    charcoal-blackened-block     18
    common-chicory              237
    common-milkweed             181
    common-poppy                712
    cork-oak                     17
    cornflower                  257
    desert-bloom                 81
    desert-dead                  15
    desert-ironwood              12
    desert-marigold             185
    desert-shrub                226
    devils-thorn               2273
    dry-tussock                5038
    esparto-grass               444
    feather-grass               980
    fire-lily                   294
    globe-mallow                126
    hawthorn-scrub              278
    holm-oak                     45
    honey-locust                 17
    laterite-crust-block         59
    limestone-slab               21
    little-bluestem            2010
    marula                       62
    mopane                      304
    olive                        50
    pampas-plume                767
    prairie-coneflower          342
    purple-coneflower           463
    red-oat-grass              6373
    savanna-acacia               74
    sicklebush                 1574
    stone-pine                   32
    switchgrass                 647
    tafoni-sandstone              6
    termite-mound                 1
    wild-gerbera                766
    wild-pear                    28
    wild-sage-bush             1708
riparian (water-gated) species placed: 0 species, 0 instances
gate attribution over 7887572 (site, species) pairs:
  tolerated                        795593 (10.0%)
  biome weight 0                  6750022 (85.5%)
  elevation band                     1068 (0.0%)
  below slope min                       6 (0.0%)
  past slope-curve zero            266853 (3.3%)
  water distance (far/unknown)      74030 (0.9%)
mean placed-species height by anchor slope (inverse-height check):
  slope   0- 15%:   9767 instances, mean height   1.1 m
  slope  15- 30%:  21376 instances, mean height   1.2 m
  slope  30- 45%:   1634 instances, mean height   1.2 m
  slope  45- 60%:    217 instances, mean height   2.1 m
kinds: tree=940 bush=4863 rock=105 grass=19303 reed=767 flower=7016
height: mean 1.2 m, median 0.8 m over 32994 instances
distance to water at anchors: <=2m 0, <=10m 0, <=30m 0, <=120m 0, >120m 0, unknown 32994; wet anchors 0
slope bands: 0-15% 9767, 15-30% 21376, 30-45% 1634, 45-60% 217, 60%+ 0
treeline: below 32994, above 0, unknown 0
stampable voxels over resolved terrain instances: 44040421
banks: 32994 requests, 25211 served, 0 miss(no species), 7783 miss(no seeds), 128 files loaded, 0 refused, 0 seed-count mismatches, 14621301 bytes resident
overlay: wrote bake-out/biome-survey/savanna.instances.csv and bake-out/biome-survey/savanna.ground.bin (138x138 @ 1875 mm, AMPLIFIED-COARSE ground: sea-only datum, no shore distance)
json: wrote bake-out/biome-survey/savanna.json (98 counters)
VERDICT: placement wired; 32994 instances, all anchors solid, none submerged
